[debug] [2024-01-27T19:39:07.337Z] ----------------------------------------------------------------------
[debug] [2024-01-27T19:39:07.338Z] Command:       /usr/local/bin/node /usr/local/bin/firebase init
[debug] [2024-01-27T19:39:07.338Z] CLI Version:   13.1.0
[debug] [2024-01-27T19:39:07.338Z] Platform:      darwin
[debug] [2024-01-27T19:39:07.339Z] Node Version:  v20.10.0
[debug] [2024-01-27T19:39:07.339Z] Time:          Sat Jan 27 2024 20:39:07 GMT+0100 (GMT+01:00)
[debug] [2024-01-27T19:39:07.339Z] ----------------------------------------------------------------------
[debug] 
[debug] [2024-01-27T19:39:07.341Z] > command requires scopes: ["email","openid","https://www.googleapis.com/auth/cloudplatformprojects.readonly","https://www.googleapis.com/auth/firebase","https://www.googleapis.com/auth/cloud-platform"]
[debug] [2024-01-27T19:39:07.341Z] > authorizing via signed-in user (chetanbadgujar92@gmail.com)
[info] 
     ######## #### ########  ######## ########     ###     ######  ########
     ##        ##  ##     ## ##       ##     ##  ##   ##  ##       ##
     ######    ##  ########  ######   ########  #########  ######  ######
     ##        ##  ##    ##  ##       ##     ## ##     ##       ## ##
     ##       #### ##     ## ######## ########  ##     ##  ######  ########

You're about to initialize a Firebase project in this directory:

  /Users/chetansinghh/Desktop/MyProjects/sports-app

[info] 
=== Project Setup
[info] 
[info] First, let's associate this project directory with a Firebase project.
[info] You can create multiple project aliases by running firebase use --add, 
[info] but for now we'll just set up a default project.
[info] 
[debug] [2024-01-27T19:39:14.042Z] >>> [apiv2][query] GET https://firebase.googleapis.com/v1beta1/projects pageSize=100
[debug] [2024-01-27T19:39:14.666Z] <<< [apiv2][status] GET https://firebase.googleapis.com/v1beta1/projects 200
[debug] [2024-01-27T19:39:14.667Z] <<< [apiv2][body] GET https://firebase.googleapis.com/v1beta1/projects [omitted]
[info] i  Using project sports-afaf5 (Sports) 
[info] 
=== Hosting Setup
[debug] [2024-01-27T19:39:18.094Z] >>> [apiv2][query] GET https://firebase.googleapis.com/v1beta1/projects/sports-afaf5 [none]
[debug] [2024-01-27T19:39:18.470Z] <<< [apiv2][status] GET https://firebase.googleapis.com/v1beta1/projects/sports-afaf5 200
[debug] [2024-01-27T19:39:18.471Z] <<< [apiv2][body] GET https://firebase.googleapis.com/v1beta1/projects/sports-afaf5 {"projectId":"sports-afaf5","projectNumber":"577498634291","displayName":"Sports","name":"projects/sports-afaf5","resources":{"hostingSite":"sports-afaf5"},"state":"ACTIVE","etag":"1_ffd98f11-2464-4017-aae3-80b2f6e28637"}
[info] 
[info] Your public directory is the folder (relative to your project directory) that
[info] will contain Hosting assets to be uploaded with firebase deploy. If you
[info] have a build process for your assets, use your build's output directory.
[info] 
[debug] [2024-01-27T19:39:30.528Z] >>> [apiv2][query] GET https://www.gstatic.com/firebasejs/releases.json [none]
[debug] [2024-01-27T19:39:30.716Z] <<< [apiv2][status] GET https://www.gstatic.com/firebasejs/releases.json 200
[debug] [2024-01-27T19:39:30.717Z] <<< [apiv2][body] GET https://www.gstatic.com/firebasejs/releases.json {"current":{"version":"10.7.2","browserURL":"https://www.gstatic.com/firebasejs/10.7.2/firebase.js","packageURL":"https://www.gstatic.com/firebasejs/10.7.2/firebase.tgz"},"live":{"version":"10.7","browserURL":"https://www.gstatic.com/firebasejs/live/10.7/firebase.js","packageURL":"https://www.gstatic.com/firebasejs/live/10.7/firebase.tgz"},"components":{"analytics":"https://www.gstatic.com/firebasejs/10.7.2/firebase-analytics.js","app":"https://www.gstatic.com/firebasejs/10.7.2/firebase-app.js","app-check":"https://www.gstatic.com/firebasejs/10.7.2/firebase-app-check.js","auth":"https://www.gstatic.com/firebasejs/10.7.2/firebase-auth.js","auth/cordova":"https://www.gstatic.com/firebasejs/10.7.2/firebase-auth/cordova.js","functions":"https://www.gstatic.com/firebasejs/10.7.2/firebase-functions.js","firestore":"https://www.gstatic.com/firebasejs/10.7.2/firebase-firestore.js","firestore/lite":"https://www.gstatic.com/firebasejs/10.7.2/firebase-firestore/lite.js","installations":"https://www.gstatic.com/firebasejs/10.7.2/firebase-installations.js","storage":"https://www.gstatic.com/firebasejs/10.7.2/firebase-storage.js","performance":"https://www.gstatic.com/firebasejs/10.7.2/firebase-performance.js","remote-config":"https://www.gstatic.com/firebasejs/10.7.2/firebase-remote-config.js","messaging":"https://www.gstatic.com/firebasejs/10.7.2/firebase-messaging.js","messaging/sw":"https://www.gstatic.com/firebasejs/10.7.2/firebase-messaging/sw.js","database":"https://www.gstatic.com/firebasejs/10.7.2/firebase-database.js","firestore.memory":"https://www.gstatic.com/firebasejs/10.7.2/firebase-firestore.memory.js"}}
[info] ✔  Wrote y/index.html 
[info] 
[info] i  Detected a .git folder at /Users/chetansinghh/Desktop/MyProjects/sports-app 
[info] i  Authorizing with GitHub to upload your service account to a GitHub repository's secrets store. 
[info] 
[info] Visit this URL on this device to log in:
[info] https://github.com/login/oauth/authorize?client_id=89cf50f02ac6aaed3484&state=348148110&redirect_uri=http%3A%2F%2Flocalhost%3A9005&scope=read%3Auser%20repo%20public_repo
[info] 
[info] Waiting for authentication...
[debug] [2024-01-27T19:39:51.269Z] >>> [apiv2][query] POST https://github.com/login/oauth/access_token [none]
[debug] [2024-01-27T19:39:51.270Z] >>> [apiv2][body] POST https://github.com/login/oauth/access_token [stream]
[debug] [2024-01-27T19:39:51.628Z] <<< [apiv2][status] POST https://github.com/login/oauth/access_token 200
[debug] [2024-01-27T19:39:51.629Z] <<< [apiv2][body] POST https://github.com/login/oauth/access_token {"access_token":"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","token_type":"bearer","scope":"read:user,repo"}
[debug] [2024-01-27T19:39:51.645Z] >>> [apiv2][query] GET https://api.github.com/user [none]
[debug] [2024-01-27T19:39:52.038Z] <<< [apiv2][status] GET https://api.github.com/user 200
[debug] [2024-01-27T19:39:52.039Z] <<< [apiv2][body] GET https://api.github.com/user {"login":"chetan1029","id":3643803,"node_id":"MDQ6VXNlcjM2NDM4MDM=","avatar_url":"https://avatars.githubusercontent.com/u/3643803?v=4","gravatar_id":"","url":"https://api.github.com/users/chetan1029","html_url":"https://github.com/chetan1029","followers_url":"https://api.github.com/users/chetan1029/followers","following_url":"https://api.github.com/users/chetan1029/following{/other_user}","gists_url":"https://api.github.com/users/chetan1029/gists{/gist_id}","starred_url":"https://api.github.com/users/chetan1029/starred{/owner}{/repo}","subscriptions_url":"https://api.github.com/users/chetan1029/subscriptions","organizations_url":"https://api.github.com/users/chetan1029/orgs","repos_url":"https://api.github.com/users/chetan1029/repos","events_url":"https://api.github.com/users/chetan1029/events{/privacy}","received_events_url":"https://api.github.com/users/chetan1029/received_events","type":"User","site_admin":false,"name":"Chetan Badgujar","company":null,"blog":"","location":null,"email":null,"hireable":null,"bio":null,"twitter_username":null,"public_repos":7,"public_gists":0,"followers":1,"following":0,"created_at":"2013-02-20T04:21:35Z","updated_at":"2024-01-27T11:48:13Z","private_gists":0,"total_private_repos":11,"owned_private_repos":11,"disk_usage":176074,"collaborators":5,"two_factor_authentication":false,"plan":{"name":"free","space":976562499,"collaborators":0,"private_repos":10000}}
[info] 
[info] ✔  Success! Logged into GitHub as chetan1029 
[info] 
